================================================================================
MODEL TRAINING METRICS
================================================================================
Training Date: 2026-02-03T19:52:35.407985

TEST SET METRICS:
----------------------------------------
R-squared (RUB): 0.5195
MAE (RUB): 0.0452
RMSE (RUB): 0.0661
MAPE: 136.32%
Within 20% error: 74.08%
Within 30% error: 83.87%

MODEL PARAMETERS:
----------------------------------------
Best alpha: 10.0

SELECTED FEATURES (15 total):
----------------------------------------
  1. ЗП
  2. Город_очищенный
  3. Занятость
  4. ЗП_рубли
  5. Пол_Не указано
  6. Высшее_образование
  7. Столица
  8. Пол_Мужчина
  9. Должность_руководитель
 10. Есть_авто
 11. Должность_инженер
 12. Возрастная_группа_25-34
 13. Должность_аналитик
 14. Возраст
 15. Длина_названия_должности

================================================================================
